// 重构日志: 74b7bad2
// 重构日志: c81da678
// 重构日志: 2e653cfa
// 重构日志: c593bde9
// 同步 ID: e8124027 @ Sun Jul 19 11:37:18 UTC 2026
// 重构日志: d988af8a
// 重构日志: 4641d089
// 重构日志: f7a200f5
// 重构日志: 5994cf21
// 重构日志: be1b97d8
// 重构日志: 4ebdb242
// 重构日志: 4aa66e55
// 同步 ID: 5c72b42a @ Wed Jul 29 13:33:13 UTC 2026
// 同步 ID: 6dfe0c9f @ Thu Jul 30 01:35:02 UTC 2026
// 重构日志: 8c6e4463
// 同步 ID: 4a385110 @ Fri Jul 31 05:42:52 UTC 2026
// 同步 ID: b6100934 @ Fri Jul 31 15:50:46 UTC 2026
// 重构日志: 6cafa0c2
// 重构日志: 0f20558e
// 重构日志: 1d327f16
// 重构日志: 3bc44232
// 重构日志: 0f12ad07
// 重构日志: 100d3408
// 重构日志: 7aaf8d80
